\u001b[90m+--------------------------------------------------------------+\u001b[0m
\u001b[96m|  TREE ART SITS IN RESERVED SHELL LINES. LIVE WIDGETS STAY    |\u001b[0m
\u001b[96m|  STRUCTURAL, FOCUSABLE, AND BROWSER-RENDERED.                |\u001b[0m
\u001b[90m+--------------------------------------------------------------+\u001b[0m
