 +----------------------------------------------------------------------+
 | WS/360 MAINFRAME                                                    |
 |----------------------------------------------------------------------|
 |                                                                      |
 |                                                                      |
 |                                                                      |
 |                                                                      |
 |                                                                      |
 |                                                                      |
 |                                                                      |
 |                                                                      |
 |                                                                      |
 |                                                                      |
 |                                                                      |
 |                                                                      |
 |                                                                      |
 |                                                                      |
 |                                                                      |
 |                                                                      |
 +----------------------------------------------------------------------+
