  .==========================================================================.
  ||  WS/360 OPERATIONS REGION                                               ||
  ||--------------------------------------------------------------------------||
  ||                                                                          ||
  ||                                                                          ||
  ||                                                                          ||
  ||                                                                          ||
  ||                                                                          ||
  ||                                                                          ||
  ||                                                                          ||
  ||                                                                          ||
  ||                                                                          ||
  ||                                                                          ||
  ||                                                                          ||
  ||                                                                          ||
  ||                                                                          ||
  ||                                                                          ||
  ||                                                                          ||
  ||                                                                          ||
  ||                                                                          ||
  ||                                                                          ||
  ||                                                                          ||
  ||--------------------------------------------------------------------------||
  '=========================================================================='
