  +--------------------------------------------------------------------+
  |                                                                    |
  |   WS/360 ACCESS NODE                                               |
  |                                                                    |
  |                                                                    |
  |                                                                    |
  |                                                                    |
  |                                                                    |
  |                                                                    |
  |                                                                    |
  |                                                                    |
  |                                                                    |
  |   Enter your handle below to continue.                             |
  +--------------------------------------------------------------------+
